I'm sorry, but errors were detected in your script. Please correct the
errors listed below, and try again.


File "game/script.rpy", line 70: expected end of line
    queue sound noloop "audio/stumbleoutofbed.mp3"
                       ^

File "game/script.rpy", line 72: play requires a file
    play sound
              ^

Ren'Py Version: Ren'Py 8.0.3.22090809
Thu Jan  5 06:17:16 2023
